// Jest Snapshot v1, https://goo.gl/fbAQLP

exports[`LobbyView should render lobby correctly 1`] = `
<LobbyView
  room={
    Room {
      "agreedPlayers": Array [],
      "episodes": Array [],
      "players": Array [
        Object {
          "name": "test1",
        },
        Object {
          "name": "test2",
        },
        Object {
          "name": "test3",
        },
        Object {
          "name": "test4",
        },
        Object {
          "name": "test5",
        },
        Object {
          "name": "test6",
        },
        Object {
          "name": "test7",
        },
        Object {
          "name": "test8",
        },
        Object {
          "name": "test9",
        },
        Object {
          "name": "test10",
        },
      ],
      "raisedHands": Object {},
      "roomcode": "TEST",
      "state": "lobby",
    }
  }
>
  <div
    className="panel centered-panel centered-panel-medium next-panel"
  >
    <TopBarTitle
      hasLogo={true}
      title="title"
    >
      <Portal
        containerInfo={
          <div>
            <div
              class="title"
            >
              <span
                class="title-text"
                data-testid="title-text"
              >
                title
              </span>
              <div
                class="logo"
              >
                <div
                  class="title"
                >
                  .
                  <div
                    class="the"
                    style="font-size: 36px;"
                  >
                    The
                  </div>
                  <div
                    class="mole"
                    style="font-size: 45px;"
                  >
                    Mole
                  </div>
                </div>
                <div
                  class="svg"
                >
                  <svg
                    aria-hidden="true"
                    class="MuiSvgIcon-root"
                    focusable="false"
                    style="font-size: 200px;"
                    viewBox="0 0 24 24"
                  >
                    <path
                      d="M17.81 4.47c-.08 0-.16-.02-.23-.06C15.66 3.42 14 3 12.01 3c-1.98 0-3.86.47-5.57 1.41-.24.13-.54.04-.68-.2-.13-.24-.04-.55.2-.68C7.82 2.52 9.86 2 12.01 2c2.13 0 3.99.47 6.03 1.52.25.13.34.43.21.67-.09.18-.26.28-.44.28zM3.5 9.72c-.1 0-.2-.03-.29-.09-.23-.16-.28-.47-.12-.7.99-1.4 2.25-2.5 3.75-3.27C9.98 4.04 14 4.03 17.15 5.65c1.5.77 2.76 1.86 3.75 3.25.16.22.11.54-.12.7-.23.16-.54.11-.7-.12-.9-1.26-2.04-2.25-3.39-2.94-2.87-1.47-6.54-1.47-9.4.01-1.36.7-2.5 1.7-3.4 2.96-.08.14-.23.21-.39.21zm6.25 12.07c-.13 0-.26-.05-.35-.15-.87-.87-1.34-1.43-2.01-2.64-.69-1.23-1.05-2.73-1.05-4.34 0-2.97 2.54-5.39 5.66-5.39s5.66 2.42 5.66 5.39c0 .28-.22.5-.5.5s-.5-.22-.5-.5c0-2.42-2.09-4.39-4.66-4.39-2.57 0-4.66 1.97-4.66 4.39 0 1.44.32 2.77.93 3.85.64 1.15 1.08 1.64 1.85 2.42.19.2.19.51 0 .71-.11.1-.24.15-.37.15zm7.17-1.85c-1.19 0-2.24-.3-3.1-.89-1.49-1.01-2.38-2.65-2.38-4.39 0-.28.22-.5.5-.5s.5.22.5.5c0 1.41.72 2.74 1.94 3.56.71.48 1.54.71 2.54.71.24 0 .64-.03 1.04-.1.27-.05.53.13.58.41.05.27-.13.53-.41.58-.57.11-1.07.12-1.21.12zM14.91 22c-.04 0-.09-.01-.13-.02-1.59-.44-2.63-1.03-3.72-2.1-1.4-1.39-2.17-3.24-2.17-5.22 0-1.62 1.38-2.94 3.08-2.94 1.7 0 3.08 1.32 3.08 2.94 0 1.07.93 1.94 2.08 1.94s2.08-.87 2.08-1.94c0-3.77-3.25-6.83-7.25-6.83-2.84 0-5.44 1.58-6.61 4.03-.39.81-.59 1.76-.59 2.8 0 .78.07 2.01.67 3.61.1.26-.03.55-.29.64-.26.1-.55-.04-.64-.29-.49-1.31-.73-2.61-.73-3.96 0-1.2.23-2.29.68-3.24 1.33-2.79 4.28-4.6 7.51-4.6 4.55 0 8.25 3.51 8.25 7.83 0 1.62-1.38 2.94-3.08 2.94s-3.08-1.32-3.08-2.94c0-1.07-.93-1.94-2.08-1.94s-2.08.87-2.08 1.94c0 1.71.66 3.31 1.87 4.51.95.94 1.86 1.46 3.27 1.85.27.07.42.35.35.61-.05.23-.26.38-.47.38z"
                    />
                  </svg>
                </div>
              </div>
            </div>
          </div>
        }
      >
        <div
          className="title"
        >
          <span
            className="title-text"
            data-testid="title-text"
          >
            title
          </span>
          <Logo
            size={200}
            textSize={45}
          >
            <div
              className="logo"
            >
              <div
                className="title"
                style={
                  Object {
                    "color": undefined,
                  }
                }
              >
                <Trans
                  i18nKey="title_logo"
                >
                  .
                  <div
                    className="the"
                    key="1"
                    style={
                      Object {
                        "fontSize": "36px",
                      }
                    }
                  >
                    The
                  </div>
                  <div
                    className="mole"
                    key="2"
                    style={
                      Object {
                        "fontSize": "45px",
                      }
                    }
                  >
                    Mole
                  </div>
                </Trans>
              </div>
              <div
                className="svg"
                style={
                  Object {
                    "color": undefined,
                  }
                }
              >
                <ForwardRef(FingerprintIcon)
                  style={
                    Object {
                      "fontSize": 200,
                    }
                  }
                >
                  <WithStyles(ForwardRef(SvgIcon))
                    style={
                      Object {
                        "fontSize": 200,
                      }
                    }
                  >
                    <ForwardRef(SvgIcon)
                      classes={
                        Object {
                          "colorAction": "MuiSvgIcon-colorAction",
                          "colorDisabled": "MuiSvgIcon-colorDisabled",
                          "colorError": "MuiSvgIcon-colorError",
                          "colorPrimary": "MuiSvgIcon-colorPrimary",
                          "colorSecondary": "MuiSvgIcon-colorSecondary",
                          "fontSizeInherit": "MuiSvgIcon-fontSizeInherit",
                          "fontSizeLarge": "MuiSvgIcon-fontSizeLarge",
                          "fontSizeSmall": "MuiSvgIcon-fontSizeSmall",
                          "root": "MuiSvgIcon-root",
                        }
                      }
                      style={
                        Object {
                          "fontSize": 200,
                        }
                      }
                    >
                      <svg
                        aria-hidden={true}
                        className="MuiSvgIcon-root"
                        focusable="false"
                        style={
                          Object {
                            "fontSize": 200,
                          }
                        }
                        viewBox="0 0 24 24"
                      >
                        <path
                          d="M17.81 4.47c-.08 0-.16-.02-.23-.06C15.66 3.42 14 3 12.01 3c-1.98 0-3.86.47-5.57 1.41-.24.13-.54.04-.68-.2-.13-.24-.04-.55.2-.68C7.82 2.52 9.86 2 12.01 2c2.13 0 3.99.47 6.03 1.52.25.13.34.43.21.67-.09.18-.26.28-.44.28zM3.5 9.72c-.1 0-.2-.03-.29-.09-.23-.16-.28-.47-.12-.7.99-1.4 2.25-2.5 3.75-3.27C9.98 4.04 14 4.03 17.15 5.65c1.5.77 2.76 1.86 3.75 3.25.16.22.11.54-.12.7-.23.16-.54.11-.7-.12-.9-1.26-2.04-2.25-3.39-2.94-2.87-1.47-6.54-1.47-9.4.01-1.36.7-2.5 1.7-3.4 2.96-.08.14-.23.21-.39.21zm6.25 12.07c-.13 0-.26-.05-.35-.15-.87-.87-1.34-1.43-2.01-2.64-.69-1.23-1.05-2.73-1.05-4.34 0-2.97 2.54-5.39 5.66-5.39s5.66 2.42 5.66 5.39c0 .28-.22.5-.5.5s-.5-.22-.5-.5c0-2.42-2.09-4.39-4.66-4.39-2.57 0-4.66 1.97-4.66 4.39 0 1.44.32 2.77.93 3.85.64 1.15 1.08 1.64 1.85 2.42.19.2.19.51 0 .71-.11.1-.24.15-.37.15zm7.17-1.85c-1.19 0-2.24-.3-3.1-.89-1.49-1.01-2.38-2.65-2.38-4.39 0-.28.22-.5.5-.5s.5.22.5.5c0 1.41.72 2.74 1.94 3.56.71.48 1.54.71 2.54.71.24 0 .64-.03 1.04-.1.27-.05.53.13.58.41.05.27-.13.53-.41.58-.57.11-1.07.12-1.21.12zM14.91 22c-.04 0-.09-.01-.13-.02-1.59-.44-2.63-1.03-3.72-2.1-1.4-1.39-2.17-3.24-2.17-5.22 0-1.62 1.38-2.94 3.08-2.94 1.7 0 3.08 1.32 3.08 2.94 0 1.07.93 1.94 2.08 1.94s2.08-.87 2.08-1.94c0-3.77-3.25-6.83-7.25-6.83-2.84 0-5.44 1.58-6.61 4.03-.39.81-.59 1.76-.59 2.8 0 .78.07 2.01.67 3.61.1.26-.03.55-.29.64-.26.1-.55-.04-.64-.29-.49-1.31-.73-2.61-.73-3.96 0-1.2.23-2.29.68-3.24 1.33-2.79 4.28-4.6 7.51-4.6 4.55 0 8.25 3.51 8.25 7.83 0 1.62-1.38 2.94-3.08 2.94s-3.08-1.32-3.08-2.94c0-1.07-.93-1.94-2.08-1.94s-2.08.87-2.08 1.94c0 1.71.66 3.31 1.87 4.51.95.94 1.86 1.46 3.27 1.85.27.07.42.35.35.61-.05.23-.26.38-.47.38z"
                        />
                      </svg>
                    </ForwardRef(SvgIcon)>
                  </WithStyles(ForwardRef(SvgIcon))>
                </ForwardRef(FingerprintIcon)>
              </div>
            </div>
          </Logo>
        </div>
      </Portal>
    </TopBarTitle>
    <div
      className="form-group pl-xs-0 pr-xs-0 mt-0 col-sm-6"
    >
      <label
        data-testid="roomcode-label"
      >
        roomcode
      </label>
      <div
        className="room-code"
        data-testid="roomcode"
      >
        TEST
      </div>
    </div>
    <div
      className="form-group pl-xs-0 pr-xs-0 mt-0 col-sm-6"
    >
      <label
        data-testid="player-list-label"
      >
        player_plural
      </label>
      <PlayerList
        data-testid="player-list"
        players={
          Array [
            Object {
              "name": "test1",
            },
            Object {
              "name": "test2",
            },
            Object {
              "name": "test3",
            },
            Object {
              "name": "test4",
            },
            Object {
              "name": "test5",
            },
            Object {
              "name": "test6",
            },
            Object {
              "name": "test7",
            },
            Object {
              "name": "test8",
            },
            Object {
              "name": "test9",
            },
            Object {
              "name": "test10",
            },
          ]
        }
        xs={12}
      >
        <div
          className=" col-xs-12"
          key="0"
        >
          <PlayerListView
            player={
              Object {
                "name": "test1",
              }
            }
          >
            <BlockLabel>
              <label
                className="block-label"
                style={null}
              >
                test1
              </label>
            </BlockLabel>
          </PlayerListView>
        </div>
        <div
          className=" col-xs-12"
          key="1"
        >
          <PlayerListView
            player={
              Object {
                "name": "test2",
              }
            }
          >
            <BlockLabel>
              <label
                className="block-label"
                style={null}
              >
                test2
              </label>
            </BlockLabel>
          </PlayerListView>
        </div>
        <div
          className=" col-xs-12"
          key="2"
        >
          <PlayerListView
            player={
              Object {
                "name": "test3",
              }
            }
          >
            <BlockLabel>
              <label
                className="block-label"
                style={null}
              >
                test3
              </label>
            </BlockLabel>
          </PlayerListView>
        </div>
        <div
          className=" col-xs-12"
          key="3"
        >
          <PlayerListView
            player={
              Object {
                "name": "test4",
              }
            }
          >
            <BlockLabel>
              <label
                className="block-label"
                style={null}
              >
                test4
              </label>
            </BlockLabel>
          </PlayerListView>
        </div>
        <div
          className=" col-xs-12"
          key="4"
        >
          <PlayerListView
            player={
              Object {
                "name": "test5",
              }
            }
          >
            <BlockLabel>
              <label
                className="block-label"
                style={null}
              >
                test5
              </label>
            </BlockLabel>
          </PlayerListView>
        </div>
        <div
          className=" col-xs-12"
          key="5"
        >
          <PlayerListView
            player={
              Object {
                "name": "test6",
              }
            }
          >
            <BlockLabel>
              <label
                className="block-label"
                style={null}
              >
                test6
              </label>
            </BlockLabel>
          </PlayerListView>
        </div>
        <div
          className=" col-xs-12"
          key="6"
        >
          <PlayerListView
            player={
              Object {
                "name": "test7",
              }
            }
          >
            <BlockLabel>
              <label
                className="block-label"
                style={null}
              >
                test7
              </label>
            </BlockLabel>
          </PlayerListView>
        </div>
        <div
          className=" col-xs-12"
          key="7"
        >
          <PlayerListView
            player={
              Object {
                "name": "test8",
              }
            }
          >
            <BlockLabel>
              <label
                className="block-label"
                style={null}
              >
                test8
              </label>
            </BlockLabel>
          </PlayerListView>
        </div>
        <div
          className=" col-xs-12"
          key="8"
        >
          <PlayerListView
            player={
              Object {
                "name": "test9",
              }
            }
          >
            <BlockLabel>
              <label
                className="block-label"
                style={null}
              >
                test9
              </label>
            </BlockLabel>
          </PlayerListView>
        </div>
        <div
          className=" col-xs-12"
          key="9"
        >
          <PlayerListView
            player={
              Object {
                "name": "test10",
              }
            }
          >
            <BlockLabel>
              <label
                className="block-label"
                style={null}
              >
                test10
              </label>
            </BlockLabel>
          </PlayerListView>
        </div>
      </PlayerList>
    </div>
    <AgreePanel
      data-testid="agree-panel"
      inline={true}
      room={
        Room {
          "agreedPlayers": Array [],
          "episodes": Array [],
          "players": Array [
            Object {
              "name": "test1",
            },
            Object {
              "name": "test2",
            },
            Object {
              "name": "test3",
            },
            Object {
              "name": "test4",
            },
            Object {
              "name": "test5",
            },
            Object {
              "name": "test6",
            },
            Object {
              "name": "test7",
            },
            Object {
              "name": "test8",
            },
            Object {
              "name": "test9",
            },
            Object {
              "name": "test10",
            },
          ],
          "raisedHands": Object {},
          "roomcode": "TEST",
          "state": "lobby",
        }
      }
    >
      <p>
        ready_players
      </p>
      <PlayerList
        inline={true}
        players={Array []}
      />
    </AgreePanel>
  </div>
</LobbyView>
`;
